#1 [internal] load local bake definitions
#1 reading from stdin 1.34kB done
#1 DONE 0.0s

#2 [target-server internal] load build definition from Dockerfile
#2 transferring dockerfile: 211B done
#2 DONE 0.0s

#3 [keygen internal] load build definition from Dockerfile
#3 transferring dockerfile: 132B done
#3 DONE 0.0s

#4 [target-server internal] load metadata for docker.io/library/nginx:1.31.2-alpine3.23-slim
#4 DONE 0.2s

#5 [test-runner internal] load .dockerignore
#5 transferring context: 2B done
#5 DONE 0.0s

#6 [config-tester 1/4] FROM docker.io/library/nginx:1.31.2-alpine3.23-slim@sha256:dd722b8ee8794f3c273bfaf8b5351b0652a68ccd73c17e5f0d029857a58f25ef
#6 CACHED

#7 [config-tester internal] load build context
#7 transferring context: 8.44kB done
#7 DONE 0.0s

#8 [keygen internal] load metadata for docker.io/library/alpine:3.23
#8 DONE 0.2s

#9 [test-runner 1/3] FROM docker.io/library/alpine:3.23@sha256:fd791d74b68913cbb027c6546007b3f0d3bc45125f797758156952bc2d6daf40
#9 CACHED

#10 [keygen internal] load build context
#10 transferring context: 12.01kB done
#10 DONE 0.0s

#11 [test-runner 2/3] RUN apk add --no-cache bash curl openssh-client
#11 ...

#12 [target-server 2/4] RUN apk --no-cache upgrade && apk --no-cache add openssh openssh-server
#12 ...

#11 [test-runner 2/3] RUN apk add --no-cache bash curl openssh-client
#11 60.17 WARNING: fetching https://dl-cdn.alpinelinux.org/alpine/v3.23/main/x86_64/APKINDEX.tar.gz: TLS: unspecified error
#11 ...

#12 [target-server 2/4] RUN apk --no-cache upgrade && apk --no-cache add openssh openssh-server
#12 60.21 WARNING: fetching https://dl-cdn.alpinelinux.org/alpine/v3.23/main/x86_64/APKINDEX.tar.gz: TLS: unspecified error
#12 120.3 WARNING: fetching https://dl-cdn.alpinelinux.org/alpine/v3.23/community/x86_64/APKINDEX.tar.gz: TLS: unspecified error
#12 120.3 ERROR: Not continuing due to stale/unavailable repositories. Use --force-missing-repositories to continue.
#12 ERROR: process "/bin/sh -c apk --no-cache upgrade && apk --no-cache add openssh openssh-server" did not complete successfully: exit code: 99

#11 [keygen 2/3] RUN apk add --no-cache bash curl openssh-client
#11 120.3 WARNING: fetching https://dl-cdn.alpinelinux.org/alpine/v3.23/community/x86_64/APKINDEX.tar.gz: TLS: unspecified error
#11 120.3 ERROR: unable to select packages:
#11 120.3   bash (no such package):
#11 120.3     required by: world[bash]
#11 120.3   curl (no such package):
#11 120.3     required by: world[curl]
#11 120.3   openssh-client (no such package):
#11 120.3     required by: world[openssh-client]
#11 ERROR: process "/bin/sh -c apk add --no-cache bash curl openssh-client" did not complete successfully: exit code: 3
------
 > [target-server 2/4] RUN apk --no-cache upgrade && apk --no-cache add openssh openssh-server:
60.21 WARNING: fetching https://dl-cdn.alpinelinux.org/alpine/v3.23/main/x86_64/APKINDEX.tar.gz: TLS: unspecified error
120.3 WARNING: fetching https://dl-cdn.alpinelinux.org/alpine/v3.23/community/x86_64/APKINDEX.tar.gz: TLS: unspecified error
120.3 ERROR: Not continuing due to stale/unavailable repositories. Use --force-missing-repositories to continue.
------
------
 > [keygen 2/3] RUN apk add --no-cache bash curl openssh-client:
60.17 WARNING: fetching https://dl-cdn.alpinelinux.org/alpine/v3.23/main/x86_64/APKINDEX.tar.gz: TLS: unspecified error
120.3 WARNING: fetching https://dl-cdn.alpinelinux.org/alpine/v3.23/community/x86_64/APKINDEX.tar.gz: TLS: unspecified error
120.3 ERROR: unable to select packages:
120.3   bash (no such package):
120.3     required by: world[bash]
120.3   curl (no such package):
120.3     required by: world[curl]
120.3   openssh-client (no such package):
120.3     required by: world[openssh-client]
------
Dockerfile:2

--------------------

   1 |     FROM nginx:1.31.2-alpine3.23-slim

   2 | >>> RUN apk --no-cache upgrade && apk --no-cache add openssh openssh-server

   3 |     COPY 40-setup-users.sh /docker-entrypoint.d

   4 |     COPY healthcheck.sh /

--------------------

target target-server: failed to solve: process "/bin/sh -c apk --no-cache upgrade && apk --no-cache add openssh openssh-server" did not complete successfully: exit code: 99

